[themebeyond.com/html/agrifram/agrifram/index.html]
[backblue.gif]
[fade.gif]
[index.html]
[themebeyond.com/html/agrifram/agrifram/img/favicon.png]
[themebeyond.com/html/agrifram/agrifram/css/bootstrap.min.css]
[themebeyond.com/html/agrifram/agrifram/css/animate.min.css]
[themebeyond.com/html/agrifram/agrifram/css/magnific-popup.css]
[themebeyond.com/html/agrifram/agrifram/css/fontawesome-all.min.css]
[themebeyond.com/html/agrifram/agrifram/css/owl.carousel.min.css]
[themebeyond.com/html/agrifram/agrifram/css/odometer.css]
[themebeyond.com/html/agrifram/agrifram/css/jquery-ui.css]
[themebeyond.com/html/agrifram/agrifram/css/flaticon.css]
[themebeyond.com/html/agrifram/agrifram/css/aos.css]
[themebeyond.com/html/agrifram/agrifram/css/slick.css]
[themebeyond.com/html/agrifram/agrifram/css/default.css]
[themebeyond.com/html/agrifram/agrifram/css/style.css]
[themebeyond.com/html/agrifram/agrifram/css/responsive.css]
[themebeyond.com/html/agrifram/agrifram/img/bg/header_bg.jpg]
[themebeyond.com/html/agrifram/agrifram/img/logo/logo.png]
[themebeyond.com/html/agrifram/agrifram/index-2.html]
[themebeyond.com/html/agrifram/agrifram/index-3.html]
[themebeyond.com/html/agrifram/agrifram/about.html]
[themebeyond.com/html/agrifram/agrifram/farming-strategy.html]
[themebeyond.com/html/agrifram/agrifram/pricing.html]
[themebeyond.com/html/agrifram/agrifram/our-project.html]
[themebeyond.com/html/agrifram/agrifram/project-details.html]
[themebeyond.com/html/agrifram/agrifram/shop.html]
[themebeyond.com/html/agrifram/agrifram/shop-details.html]
[themebeyond.com/html/agrifram/agrifram/blog.html]
[themebeyond.com/html/agrifram/agrifram/blog-details.html]
[themebeyond.com/html/agrifram/agrifram/contact.html]
[themebeyond.com/html/agrifram/agrifram/img/product/cart_p01.jpg]
[themebeyond.com/html/agrifram/agrifram/img/product/cart_p02.jpg]
[themebeyond.com/html/agrifram/agrifram/img/logo/w_logo.png]
[themebeyond.com/html/agrifram/agrifram/img/slider/slider_bg01.jpg]
[themebeyond.com/html/agrifram/agrifram/img/slider/slider_shape01.png]
[themebeyond.com/html/agrifram/agrifram/img/slider/slider_shape02.png]
[themebeyond.com/html/agrifram/agrifram/img/slider/slider_bg02.jpg]
[themebeyond.com/html/agrifram/agrifram/img/slider/slider_bg03.jpg]
[themebeyond.com/html/agrifram/agrifram/img/slider/slider_bottom.png]
[themebeyond.com/html/agrifram/agrifram/img/images/features_img01.png]
[themebeyond.com/html/agrifram/agrifram/img/images/features_img02.png]
[themebeyond.com/html/agrifram/agrifram/img/images/features_img03.png]
[themebeyond.com/html/agrifram/agrifram/img/images/features_img04.png]
[themebeyond.com/html/agrifram/agrifram/img/bg/faq_bg.jpg]
[themebeyond.com/html/agrifram/agrifram/img/images/faq_img.jpg]
[themebeyond.com/html/agrifram/agrifram/img/bg/video_bg.jpg]
[themebeyond.com/html/agrifram/agrifram/img/bg/video_bottom_shape.png]
[themebeyond.com/html/agrifram/agrifram/img/images/project_thumb01.jpg]
[themebeyond.com/html/agrifram/agrifram/img/images/project_thumb02.jpg]
[themebeyond.com/html/agrifram/agrifram/img/images/project_thumb03.jpg]
[themebeyond.com/html/agrifram/agrifram/img/images/project_thumb04.jpg]
[themebeyond.com/html/agrifram/agrifram/img/bg/farming_bg.jpg]
[themebeyond.com/html/agrifram/agrifram/img/images/organic_item_shape01.png]
[themebeyond.com/html/agrifram/agrifram/img/images/organic_item_shape02.png]
[themebeyond.com/html/agrifram/agrifram/img/images/organic_item_shape03.png]
[themebeyond.com/html/agrifram/agrifram/img/images/organic_item_shape04.png]
[themebeyond.com/html/agrifram/agrifram/img/bg/fact_bg.jpg]
[themebeyond.com/html/agrifram/agrifram/img/bg/blog_bg.jpg]
[themebeyond.com/html/agrifram/agrifram/img/blog/blog_post_thumb01.jpg]
[themebeyond.com/html/agrifram/agrifram/img/blog/blog_post_thumb02.jpg]
[themebeyond.com/html/agrifram/agrifram/img/blog/blog_post_thumb03.jpg]
[themebeyond.com/html/agrifram/agrifram/img/bg/footer_bg.jpg]
[themebeyond.com/html/agrifram/agrifram/img/blog/f_blog_thumb01.jpg]
[themebeyond.com/html/agrifram/agrifram/img/images/footer_vector01.png]
[themebeyond.com/html/agrifram/agrifram/img/images/footer_vector02.png]
[themebeyond.com/html/agrifram/agrifram/img/images/footer_vector03.png]
[themebeyond.com/html/agrifram/agrifram/img/icon/visa_2.png]
[themebeyond.com/html/agrifram/agrifram/img/icon/ae_02.png]
[themebeyond.com/html/agrifram/agrifram/img/icon/discover.png]
[themebeyond.com/html/agrifram/agrifram/img/icon/stripe.png]
[themebeyond.com/cdn-cgi/scripts/5c5dd728/cloudflare-static/email-decode.min.js]
[themebeyond.com/html/agrifram/agrifram/js/vendor/jquery-3.5.0.min.js]
[themebeyond.com/html/agrifram/agrifram/js/popper.min.js]
[themebeyond.com/html/agrifram/agrifram/js/bootstrap.min.js]
[themebeyond.com/html/agrifram/agrifram/js/isotope.pkgd.min.js]
[themebeyond.com/html/agrifram/agrifram/js/imagesloaded.pkgd.min.js]
[themebeyond.com/html/agrifram/agrifram/js/jquery.magnific-popup.min.js]
[themebeyond.com/html/agrifram/agrifram/js/owl.carousel.min.js]
[themebeyond.com/html/agrifram/agrifram/js/jquery.odometer.min.js]
[themebeyond.com/html/agrifram/agrifram/js/jquery.appear.js]
[themebeyond.com/html/agrifram/agrifram/js/jquery.countdown.min.js]
[themebeyond.com/html/agrifram/agrifram/js/paroller.js]
[themebeyond.com/html/agrifram/agrifram/js/slick.min.js]
[themebeyond.com/html/agrifram/agrifram/js/ajax-form.js]
[themebeyond.com/html/agrifram/agrifram/js/wow.min.js]
[themebeyond.com/html/agrifram/agrifram/js/jquery-ui.js]
[themebeyond.com/html/agrifram/agrifram/js/aos.js]
[themebeyond.com/html/agrifram/agrifram/js/plugins.js]
[themebeyond.com/html/agrifram/agrifram/js/main.js]
[themebeyond.com/html/agrifram/agrifram/index.html]
[themebeyond.com/html/agrifram/agrifram/css/bootstrap.min.css]
[themebeyond.com/html/agrifram/agrifram/css/animate.min.css]
[themebeyond.com/html/agrifram/agrifram/css/magnific-popup.css]
[themebeyond.com/html/agrifram/agrifram/fonts/fa-brands-400.eot]
[themebeyond.com/html/agrifram/agrifram/fonts/fa-brands-400d41d.eot]
[themebeyond.com/html/agrifram/agrifram/fonts/fa-brands-400.woff2]
[themebeyond.com/html/agrifram/agrifram/fonts/fa-brands-400.woff]
[themebeyond.com/html/agrifram/agrifram/fonts/fa-brands-400.ttf]
[themebeyond.com/html/agrifram/agrifram/fonts/fa-brands-400.svg]
[themebeyond.com/html/agrifram/agrifram/fonts/fa-regular-400.eot]
[themebeyond.com/html/agrifram/agrifram/fonts/fa-regular-400d41d.eot]
[themebeyond.com/html/agrifram/agrifram/fonts/fa-regular-400.woff2]
[themebeyond.com/html/agrifram/agrifram/fonts/fa-regular-400.woff]
[themebeyond.com/html/agrifram/agrifram/fonts/fa-regular-400.ttf]
[themebeyond.com/html/agrifram/agrifram/fonts/fa-regular-400.svg]
[themebeyond.com/html/agrifram/agrifram/fonts/fa-solid-900.eot]
[themebeyond.com/html/agrifram/agrifram/fonts/fa-solid-900d41d.eot]
[themebeyond.com/html/agrifram/agrifram/fonts/fa-solid-900.woff2]
[themebeyond.com/html/agrifram/agrifram/fonts/fa-solid-900.woff]
[themebeyond.com/html/agrifram/agrifram/fonts/fa-solid-900.ttf]
[themebeyond.com/html/agrifram/agrifram/css/fontawesome-all.min.css]
[themebeyond.com/html/agrifram/agrifram/fonts/fa-solid-900.svg]
[themebeyond.com/html/agrifram/agrifram/css/owl.video.play.png]
[themebeyond.com/html/agrifram/agrifram/css/owl.carousel.min.css]
[themebeyond.com/html/agrifram/agrifram/css/odometer.css]
[themebeyond.com/html/agrifram/agrifram/css/jquery-ui.css]
[themebeyond.com/html/agrifram/agrifram/fonts/Flaticon.eot]
[themebeyond.com/html/agrifram/agrifram/fonts/Flaticond41d.eot]
[themebeyond.com/html/agrifram/agrifram/fonts/Flaticon.woff2]
[themebeyond.com/html/agrifram/agrifram/fonts/Flaticon.woff]
[themebeyond.com/html/agrifram/agrifram/fonts/Flaticon.ttf]
[themebeyond.com/html/agrifram/agrifram/css/flaticon.css]
[themebeyond.com/html/agrifram/agrifram/css/aos.css]
[themebeyond.com/html/agrifram/agrifram/css/slick.css]
[themebeyond.com/html/agrifram/agrifram/css/default.css]
[themebeyond.com/html/agrifram/agrifram/fonts/Flaticon.svg]
[themebeyond.com/html/agrifram/agrifram/img/images/menu_item_shape.png]
[themebeyond.com/html/agrifram/agrifram/img/icon/nw_selarw.png]
[themebeyond.com/html/agrifram/agrifram/img/images/title_shape.png]
[themebeyond.com/html/agrifram/agrifram/img/images/features_shape.png]
[themebeyond.com/html/agrifram/agrifram/img/images/title_shape02.png]
[themebeyond.com/html/agrifram/agrifram/img/bg/newsletter_bg.jpg]
[themebeyond.com/html/agrifram/agrifram/img/images/project_shape.png]
[themebeyond.com/html/agrifram/agrifram/img/bg/frm_icon_bg.png]
[themebeyond.com/html/agrifram/agrifram/img/bg/plant_inner_shape01.png]
[themebeyond.com/html/agrifram/agrifram/img/bg/plant_inner_shape02.png]
[themebeyond.com/html/agrifram/agrifram/img/images/plant_title.png]
[themebeyond.com/html/agrifram/agrifram/img/icon/quote.png]
[themebeyond.com/html/agrifram/agrifram/img/images/w_title_shape.png]
[themebeyond.com/html/agrifram/agrifram/img/bg/new_shop_bg.jpg]
[themebeyond.com/html/agrifram/agrifram/img/bg/testimonial_bg.jpg]
[themebeyond.com/html/agrifram/agrifram/img/bg/choose_bg.jpg]
[themebeyond.com/html/agrifram/agrifram/img/bg/choose_bg_shape01.png]
[themebeyond.com/html/agrifram/agrifram/img/bg/choose_bg_shape02.png]
[themebeyond.com/html/agrifram/agrifram/css/style.css]
[themebeyond.com/html/agrifram/agrifram/img/bg/header_three_bg.png]
[themebeyond.com/html/agrifram/agrifram/css/responsive.css]
[themebeyond.com/html/agrifram/agrifram/img/icon/uk_flag.png]
[themebeyond.com/html/agrifram/agrifram/img/logo/logo_2.png]
[themebeyond.com/html/agrifram/agrifram/img/slider/banner_bg.jpg]
[themebeyond.com/html/agrifram/agrifram/img/slider/banner_img01.png]
[themebeyond.com/html/agrifram/agrifram/img/icon/features_icon01.png]
[themebeyond.com/html/agrifram/agrifram/img/icon/features_icon02.png]
[themebeyond.com/html/agrifram/agrifram/img/icon/features_icon03.png]
[themebeyond.com/html/agrifram/agrifram/img/images/org_frm_img01.png]
[themebeyond.com/html/agrifram/agrifram/img/images/org_frm_img02.png]
[themebeyond.com/html/agrifram/agrifram/img/images/org_frm_img03.png]
[themebeyond.com/html/agrifram/agrifram/img/images/org_frm_img04.png]
[themebeyond.com/html/agrifram/agrifram/img/images/organic_farm_shape01.png]
[themebeyond.com/html/agrifram/agrifram/img/images/organic_farm_shape02.png]
[themebeyond.com/html/agrifram/agrifram/img/images/organic_farm_shape03.png]
[themebeyond.com/html/agrifram/agrifram/img/images/organic_farm_shape04.png]
[themebeyond.com/html/agrifram/agrifram/img/bg/h_product_bg.jpg]
[themebeyond.com/html/agrifram/agrifram/img/shop/h_product01.jpg]
[themebeyond.com/html/agrifram/agrifram/img/shop/h_product02.jpg]
[themebeyond.com/html/agrifram/agrifram/img/shop/h_product03.jpg]
[themebeyond.com/html/agrifram/agrifram/img/shop/h_product04.jpg]
[themebeyond.com/html/agrifram/agrifram/img/shop/h_product05.jpg]
[themebeyond.com/html/agrifram/agrifram/img/shop/h_product06.jpg]
[themebeyond.com/html/agrifram/agrifram/img/shop/h_product07.jpg]
[themebeyond.com/html/agrifram/agrifram/img/shop/h_product08.jpg]
[themebeyond.com/html/agrifram/agrifram/img/images/shop_banner01.jpg]
[themebeyond.com/html/agrifram/agrifram/img/images/shop_banner02.jpg]
[themebeyond.com/html/agrifram/agrifram/img/images/shop_banner04.jpg]
[themebeyond.com/html/agrifram/agrifram/img/images/shop_banner03.jpg]
[themebeyond.com/html/agrifram/agrifram/img/images/about_img.png]
[themebeyond.com/html/agrifram/agrifram/img/icon/quote_icon.png]
[themebeyond.com/html/agrifram/agrifram/img/icon/core_features01.png]
[themebeyond.com/html/agrifram/agrifram/img/icon/core_features02.png]
[themebeyond.com/html/agrifram/agrifram/img/icon/core_features03.png]
[themebeyond.com/html/agrifram/agrifram/img/icon/core_features04.png]
[themebeyond.com/html/agrifram/agrifram/img/icon/paypal.png]
[themebeyond.com/html/agrifram/agrifram/img/icon/mastercard.png]
[themebeyond.com/html/agrifram/agrifram/img/icon/ae.png]
[themebeyond.com/html/agrifram/agrifram/img/icon/visa.png]
[themebeyond.com/html/agrifram/agrifram/index-2.html]
[themebeyond.com/html/agrifram/agrifram/img/slider/third_slider_bg01.jpg]
[themebeyond.com/html/agrifram/agrifram/img/slider/third_slider_img01.png]
[themebeyond.com/html/agrifram/agrifram/img/slider/third_slider_bg02.jpg]
[themebeyond.com/html/agrifram/agrifram/img/slider/third_slider_img02.png]
[themebeyond.com/html/agrifram/agrifram/img/slider/third_slider_bg03.jpg]
[themebeyond.com/html/agrifram/agrifram/img/slider/third_slider_img03.png]
[themebeyond.com/html/agrifram/agrifram/img/slider/slider_bottom02.png]
[themebeyond.com/html/agrifram/agrifram/img/images/choose_shape01.png]
[themebeyond.com/html/agrifram/agrifram/img/images/choose_shape02.png]
[themebeyond.com/html/agrifram/agrifram/img/images/choose_shape03.png]
[themebeyond.com/html/agrifram/agrifram/img/bg/video_bg02.jpg]
[themebeyond.com/html/agrifram/agrifram/img/shop/new_shop_img01.png]
[themebeyond.com/html/agrifram/agrifram/img/shop/new_shop_img02.png]
[themebeyond.com/html/agrifram/agrifram/img/shop/new_shop_img03.png]
[themebeyond.com/html/agrifram/agrifram/img/shop/new_shop_img04.png]
[themebeyond.com/html/agrifram/agrifram/img/images/new_testi_avatar.jpg]
[themebeyond.com/html/agrifram/agrifram/index-3.html]
[themebeyond.com/html/agrifram/agrifram/img/bg/breadcrumb_bg01.jpg]
[themebeyond.com/html/agrifram/agrifram/img/bg/faq_bg02.jpg]
[themebeyond.com/html/agrifram/agrifram/about.html]
[themebeyond.com/html/agrifram/agrifram/img/bg/breadcrumb_bg03.jpg]
[themebeyond.com/html/agrifram/agrifram/img/images/breadcrumb_shape01.png]
[themebeyond.com/html/agrifram/agrifram/img/images/breadcrumb_shape02.png]
[themebeyond.com/html/agrifram/agrifram/img/bg/plant_bg.jpg]
[themebeyond.com/html/agrifram/agrifram/img/images/plant_img01.png]
[themebeyond.com/html/agrifram/agrifram/img/images/plant_img02.png]
[themebeyond.com/html/agrifram/agrifram/img/images/plant_img03.png]
[themebeyond.com/html/agrifram/agrifram/img/images/plant_img04.png]
[themebeyond.com/html/agrifram/agrifram/img/images/plant_img05.png]
[themebeyond.com/html/agrifram/agrifram/img/images/plant_img06.png]
[themebeyond.com/html/agrifram/agrifram/img/images/plant_img07.png]
[themebeyond.com/html/agrifram/agrifram/farming-strategy.html]
[themebeyond.com/html/agrifram/agrifram/img/bg/breadcrumb_bg02.jpg]
[themebeyond.com/html/agrifram/agrifram/img/icon/pricing_icon01.png]
[themebeyond.com/html/agrifram/agrifram/img/icon/pricing_icon02.png]
[themebeyond.com/html/agrifram/agrifram/img/icon/pricing_icon03.png]
[themebeyond.com/html/agrifram/agrifram/pricing.html]
[themebeyond.com/html/agrifram/agrifram/img/bg/project_bg.jpg]
[themebeyond.com/html/agrifram/agrifram/img/images/s_project_thumb01.jpg]
[themebeyond.com/html/agrifram/agrifram/img/images/s_project_thumb02.jpg]
[themebeyond.com/html/agrifram/agrifram/img/images/s_project_thumb03.jpg]
[themebeyond.com/html/agrifram/agrifram/img/images/s_project_thumb04.jpg]
[themebeyond.com/html/agrifram/agrifram/img/images/s_project_thumb05.jpg]
[themebeyond.com/html/agrifram/agrifram/img/images/s_project_thumb06.jpg]
[themebeyond.com/html/agrifram/agrifram/img/images/s_project_thumb07.jpg]
[themebeyond.com/html/agrifram/agrifram/img/images/s_project_thumb08.jpg]
[themebeyond.com/html/agrifram/agrifram/img/images/s_project_thumb09.jpg]
[themebeyond.com/html/agrifram/agrifram/our-project.html]
[themebeyond.com/html/agrifram/agrifram/img/bg/blog_bg02.jpg]
[themebeyond.com/html/agrifram/agrifram/img/images/project_details_img01.jpg]
[themebeyond.com/html/agrifram/agrifram/img/images/project_details_img02.jpg]
[themebeyond.com/html/agrifram/agrifram/project-details.html]
[themebeyond.com/html/agrifram/agrifram/img/bg/shop_bg.jpg]
[themebeyond.com/html/agrifram/agrifram/img/shop/shop_item01.jpg]
[themebeyond.com/html/agrifram/agrifram/img/shop/shop_item02.jpg]
[themebeyond.com/html/agrifram/agrifram/img/shop/shop_item03.jpg]
[themebeyond.com/html/agrifram/agrifram/img/shop/shop_item04.jpg]
[themebeyond.com/html/agrifram/agrifram/img/shop/shop_item05.jpg]
[themebeyond.com/html/agrifram/agrifram/img/shop/shop_item06.jpg]
[themebeyond.com/html/agrifram/agrifram/img/shop/shop_item07.jpg]
[themebeyond.com/html/agrifram/agrifram/img/shop/shop_item08.jpg]
[themebeyond.com/html/agrifram/agrifram/img/shop/shop_item09.jpg]
[themebeyond.com/html/agrifram/agrifram/shop.html]
[themebeyond.com/html/agrifram/agrifram/img/bg/shop_details_bg.jpg]
[themebeyond.com/html/agrifram/agrifram/img/shop/shop_details_img01.jpg]
[themebeyond.com/html/agrifram/agrifram/img/shop/shop_details_img02.jpg]
[themebeyond.com/html/agrifram/agrifram/img/shop/shop_details_img03.jpg]
[themebeyond.com/html/agrifram/agrifram/img/shop/shop_details_img04.jpg]
[themebeyond.com/html/agrifram/agrifram/img/shop/sd_bottom01.jpg]
[themebeyond.com/html/agrifram/agrifram/img/shop/sd_bottom02.jpg]
[themebeyond.com/html/agrifram/agrifram/img/shop/sd_bottom03.jpg]
[themebeyond.com/html/agrifram/agrifram/img/shop/sd_bottom04.jpg]
[themebeyond.com/html/agrifram/agrifram/shop-details.html]
[themebeyond.com/html/agrifram/agrifram/img/bg/breadcrumb_bg04.jpg]
[themebeyond.com/html/agrifram/agrifram/img/blog/blog_thumb01.jpg]
[themebeyond.com/html/agrifram/agrifram/img/blog/blog_thumb02.jpg]
[themebeyond.com/html/agrifram/agrifram/img/blog/blog_thumb03.jpg]
[themebeyond.com/html/agrifram/agrifram/img/blog/rc_post_thumb01.jpg]
[themebeyond.com/html/agrifram/agrifram/img/blog/rc_post_thumb02.jpg]
[themebeyond.com/html/agrifram/agrifram/img/blog/rc_post_thumb03.jpg]
[themebeyond.com/html/agrifram/agrifram/blog.html]
[themebeyond.com/html/agrifram/agrifram/img/blog/blog_details_img01.jpg]
[themebeyond.com/html/agrifram/agrifram/img/blog/blog_details_img02.jpg]
[themebeyond.com/html/agrifram/agrifram/img/blog/post_avatar_img.png]
[themebeyond.com/html/agrifram/agrifram/img/blog/comment_avatar01.jpg]
[themebeyond.com/html/agrifram/agrifram/img/blog/comment_avatar02.jpg]
[themebeyond.com/html/agrifram/agrifram/blog-details.html]
[themebeyond.com/html/agrifram/agrifram/img/icon/contact_icon01.png]
[themebeyond.com/html/agrifram/agrifram/img/icon/contact_icon02.png]
[themebeyond.com/html/agrifram/agrifram/img/icon/contact_icon03.png]
[themebeyond.com/html/agrifram/agrifram/contact.html]
[themebeyond.com/html/agrifram/agrifram/fonts/fa-brands-400.svg]
[themebeyond.com/html/agrifram/agrifram/fonts/fa-regular-400.svg]
[themebeyond.com/html/agrifram/agrifram/fonts/fa-solid-900.svg]
[themebeyond.com/html/agrifram/agrifram/css/owl.video.play.html]
[themebeyond.com/html/agrifram/agrifram/fonts/Flaticon.svg]
